------------------------------------------------------------
Timing Analyzer Summary
------------------------------------------------------------

Type  : Slow 1100mV 85C Model Setup 'clk'
Slack : -4.678
TNS   : -415.306

Type  : Slow 1100mV 85C Model Hold 'clk'
Slack : 0.689
TNS   : 0.000

Type  : Slow 1100mV 85C Model Minimum Pulse Width 'clk'
Slack : -0.724
TNS   : -197.328

Type  : Slow 1100mV 0C Model Setup 'clk'
Slack : -4.748
TNS   : -409.491

Type  : Slow 1100mV 0C Model Hold 'clk'
Slack : 0.639
TNS   : 0.000

Type  : Slow 1100mV 0C Model Minimum Pulse Width 'clk'
Slack : -0.724
TNS   : -196.998

Type  : Fast 1100mV 85C Model Setup 'clk'
Slack : -1.436
TNS   : -104.516

Type  : Fast 1100mV 85C Model Hold 'clk'
Slack : 0.325
TNS   : 0.000

Type  : Fast 1100mV 85C Model Minimum Pulse Width 'clk'
Slack : -0.091
TNS   : -15.553

Type  : Fast 1100mV 0C Model Setup 'clk'
Slack : -1.241
TNS   : -80.042

Type  : Fast 1100mV 0C Model Hold 'clk'
Slack : 0.293
TNS   : 0.000

Type  : Fast 1100mV 0C Model Minimum Pulse Width 'clk'
Slack : -0.091
TNS   : -15.566

------------------------------------------------------------
